Python path:
C:\Users\Administrator\Documents\programming\rust\metric-query-rs\metric-query-library\api
C:\Users\Administrator\AppData\Local\Programs\Python\Python310\python310.zip
C:\Users\Administrator\AppData\Local\Programs\Python\Python310\DLLs
C:\Users\Administrator\AppData\Local\Programs\Python\Python310\lib
C:\Users\Administrator\AppData\Local\Programs\Python\Python310
C:\Users\Administrator\AppData\Local\Programs\Python\Python310\lib\site-packages
c:\users\administrator\documents\programming\ai\qwen-coder
C:\Users\Administrator\AppData\Local\Programs\Python\Python310\lib\site-packages\win32
C:\Users\Administrator\AppData\Local\Programs\Python\Python310\lib\site-packages\win32\lib
C:\Users\Administrator\AppData\Local\Programs\Python\Python310\lib\site-packages\Pythonwin

Trying to import metric_query_library...
SUCCESS: metric_query_library imported
Done
